[0] "Name: +5 Dexterity Vest Sell-in: 4 Quality: 14"
[1] "Name: Aged Brie Sell-in: -4 Quality: 10"
[2] "Name: Elixir of the Mongoose Sell-in: -1 Quality: 0"
[3] "Name: Sulfuras, Hand of Ragnaros Sell-in: 0 Quality: 80"
[4] "Name: Backstage passes to a TAFKAL80ETC concert Sell-in: 9 Quality: 27"
[5] "Name: Conjured Mana Cake Sell-in: -3 Quality: 0"
