[0] "+5 Dexterity Vest: quality: 0 sell_in: -9"
[1] "Aged Brie: quality: 36 sell_in: -17"
[2] "Elixir of the Mongoose: quality: 0 sell_in: -14"
[3] "Sulfuras, Hand of Ragnaros: quality: 80 sell_in: 0"
[4] "Backstage passes to a TAFKAL80ETC concert: quality: 0 sell_in: -4"
[5] "Conjured Mana Cake: quality: 0 sell_in: -16"
