[0] "Name: +5 Dexterity Vest Sell-in: 0 Quality: 10"
[1] "Name: Aged Brie Sell-in: -8 Quality: 18"
[2] "Name: Elixir of the Mongoose Sell-in: -5 Quality: 0"
[3] "Name: Sulfuras, Hand of Ragnaros Sell-in: 0 Quality: 80"
[4] "Name: Backstage passes to a TAFKAL80ETC concert Sell-in: 5 Quality: 35"
[5] "Name: Conjured Mana Cake Sell-in: -7 Quality: 0"
