[0] "Name: +5 Dexterity Vest Sell-in: -7 Quality: 0"
[1] "Name: Aged Brie Sell-in: -15 Quality: 32"
[2] "Name: Elixir of the Mongoose Sell-in: -12 Quality: 0"
[3] "Name: Sulfuras, Hand of Ragnaros Sell-in: 0 Quality: 80"
[4] "Name: Backstage passes to a TAFKAL80ETC concert Sell-in: -2 Quality: 0"
[5] "Name: Conjured Mana Cake Sell-in: -14 Quality: 0"
