[0] "+5 Dexterity Vest: quality: 16 sell_in: 6"
[1] "Aged Brie: quality: 6 sell_in: -2"
[2] "Elixir of the Mongoose: quality: 3 sell_in: 1"
[3] "Sulfuras, Hand of Ragnaros: quality: 80 sell_in: 0"
[4] "Backstage passes to a TAFKAL80ETC concert: quality: 24 sell_in: 11"
[5] "Conjured Mana Cake: quality: 0 sell_in: -1"
