[0] "Name: +5 Dexterity Vest Sell-in: 8 Quality: 18"
[1] "Name: Aged Brie Sell-in: 0 Quality: 2"
[2] "Name: Elixir of the Mongoose Sell-in: 3 Quality: 5"
[3] "Name: Sulfuras, Hand of Ragnaros Sell-in: 0 Quality: 80"
[4] "Name: Backstage passes to a TAFKAL80ETC concert Sell-in: 13 Quality: 22"
[5] "Name: Conjured Mana Cake Sell-in: 1 Quality: 4"
