[0] "+5 Dexterity Vest: quality: 0 sell_in: -8"
[1] "Aged Brie: quality: 34 sell_in: -16"
[2] "Elixir of the Mongoose: quality: 0 sell_in: -13"
[3] "Sulfuras, Hand of Ragnaros: quality: 80 sell_in: 0"
[4] "Backstage passes to a TAFKAL80ETC concert: quality: 0 sell_in: -3"
[5] "Conjured Mana Cake: quality: 0 sell_in: -15"
