[0] "Name: +5 Dexterity Vest Sell-in: 7 Quality: 17"
[1] "Name: Aged Brie Sell-in: -1 Quality: 4"
[2] "Name: Elixir of the Mongoose Sell-in: 2 Quality: 4"
[3] "Name: Sulfuras, Hand of Ragnaros Sell-in: 0 Quality: 80"
[4] "Name: Backstage passes to a TAFKAL80ETC concert Sell-in: 12 Quality: 23"
[5] "Name: Conjured Mana Cake Sell-in: 0 Quality: 0"
