[0] "Name: +5 Dexterity Vest Sell-in: 1 Quality: 11"
[1] "Name: Aged Brie Sell-in: -7 Quality: 16"
[2] "Name: Elixir of the Mongoose Sell-in: -4 Quality: 0"
[3] "Name: Sulfuras, Hand of Ragnaros Sell-in: 0 Quality: 80"
[4] "Name: Backstage passes to a TAFKAL80ETC concert Sell-in: 6 Quality: 33"
[5] "Name: Conjured Mana Cake Sell-in: -6 Quality: 0"
