[0] "+5 Dexterity Vest: quality: 4 sell_in: -3"
[1] "Aged Brie: quality: 24 sell_in: -11"
[2] "Elixir of the Mongoose: quality: 0 sell_in: -8"
[3] "Sulfuras, Hand of Ragnaros: quality: 80 sell_in: 0"
[4] "Backstage passes to a TAFKAL80ETC concert: quality: 44 sell_in: 2"
[5] "Conjured Mana Cake: quality: 0 sell_in: -10"
