[0] "Name: +5 Dexterity Vest Sell-in: -2 Quality: 6"
[1] "Name: Aged Brie Sell-in: -10 Quality: 22"
[2] "Name: Elixir of the Mongoose Sell-in: -7 Quality: 0"
[3] "Name: Sulfuras, Hand of Ragnaros Sell-in: 0 Quality: 80"
[4] "Name: Backstage passes to a TAFKAL80ETC concert Sell-in: 3 Quality: 41"
[5] "Name: Conjured Mana Cake Sell-in: -9 Quality: 0"
