[0] "+5 Dexterity Vest: quality: 12 sell_in: 2"
[1] "Aged Brie: quality: 14 sell_in: -6"
[2] "Elixir of the Mongoose: quality: 0 sell_in: -3"
[3] "Sulfuras, Hand of Ragnaros: quality: 80 sell_in: 0"
[4] "Backstage passes to a TAFKAL80ETC concert: quality: 31 sell_in: 7"
[5] "Conjured Mana Cake: quality: 0 sell_in: -5"
