[0] "Name: +5 Dexterity Vest Sell in: -8 Quality: 0"
[1] "Name: Aged Brie Sell in: -16 Quality: 34"
[2] "Name: Elixir of the Mongoose Sell in: -13 Quality: 0"
[3] "Name: Sulfuras, Hand of Ragnaros Sell in: 0 Quality: 80"
[4] "Name: Backstage passes to a TAFKAL80ETC concert Sell in: -3 Quality: 0"
[5] "Name: Conjured Mana Cake Sell in: -15 Quality: 0"
