[0] "Name: +5 Dexterity Vest Sell in: 6 Quality: 16"
[1] "Name: Aged Brie Sell in: -2 Quality: 6"
[2] "Name: Elixir of the Mongoose Sell in: 1 Quality: 3"
[3] "Name: Sulfuras, Hand of Ragnaros Sell in: 0 Quality: 80"
[4] "Name: Backstage passes to a TAFKAL80ETC concert Sell in: 11 Quality: 24"
[5] "Name: Conjured Mana Cake Sell in: -1 Quality: 0"
