[0] "Name: +5 Dexterity Vest Sell in: 9 Quality: 19"
[1] "Name: Aged Brie Sell in: 1 Quality: 1"
[2] "Name: Elixir of the Mongoose Sell in: 4 Quality: 6"
[3] "Name: Sulfuras, Hand of Ragnaros Sell in: 0 Quality: 80"
[4] "Name: Backstage passes to a TAFKAL80ETC concert Sell in: 14 Quality: 21"
[5] "Name: Conjured Mana Cake Sell in: 2 Quality: 5"
