[0] "Name: +5 Dexterity Vest Sell in: 10 Quality: 20"
[1] "Name: Aged Brie Sell in: 2 Quality: 0"
[2] "Name: Elixir of the Mongoose Sell in: 5 Quality: 7"
[3] "Name: Sulfuras, Hand of Ragnaros Sell in: 0 Quality: 80"
[4] "Name: Backstage passes to a TAFKAL80ETC concert Sell in: 15 Quality: 20"
[5] "Name: Conjured Mana Cake Sell in: 3 Quality: 6"
